// Jest Snapshot v1, https://goo.gl/fbAQLP

exports[`Home.vue should render Home well 1`] = `
<div
  class="home"
>
  <img
    alt="Vue logo"
    src="../assets/logo.png"
  />
   
  <div
    class="row"
  >
    <div
      class="col-sm-8 col"
      style="margin: 0px auto;"
    >
      <div
        class="d-flex flex-row justify-center align-center"
      >
        <form
          class="v-form"
          novalidate="novalidate"
          style="width: 80%;"
        >
          <div
            class="v-input pr-5 v-input--hide-details theme--light v-text-field"
          >
            <div
              class="v-input__control"
            >
              <div
                class="v-input__slot"
              >
                <div
                  class="v-text-field__slot"
                >
                  <label
                    class="v-label theme--light"
                    for="input-4"
                    style="left: 0px; position: absolute;"
                  >
                    Main input
                  </label>
                  <input
                    id="input-4"
                    type="text"
                  />
                </div>
              </div>
            </div>
          </div>
        </form>
         
        <button
          class="v-btn v-btn--contained v-btn--disabled theme--light v-size--default"
          disabled="disabled"
          type="button"
        >
          <span
            class="v-btn__content"
          >
            Click 
          </span>
        </button>
      </div>
    </div>
     
    <div
      class="col-sm-8 col"
      style="margin: 0px auto;"
    >
      <!---->
    </div>
  </div>
</div>
`;
